// Jest Snapshot v1, https://goo.gl/fbAQLP

exports[`Switcher should render component correctly 1`] = `
<DocumentFragment>
  <div
    class="MuiButtonGroup-root Switcher-root"
    role="group"
  >
    <button
      class="MuiButtonBase-root MuiButton-root MuiButton-outlined MuiButtonGroup-grouped MuiButtonGroup-groupedHorizontal MuiButtonGroup-groupedOutlined MuiButtonGroup-groupedOutlinedHorizontal MuiButtonGroup-groupedOutlined Switcher-btn Switcher-selected"
      tabindex="0"
      type="button"
    >
      <span
        class="MuiButton-label"
      >
        Monthly
      </span>
      <span
        class="MuiTouchRipple-root"
      />
    </button>
    <button
      class="MuiButtonBase-root MuiButton-root MuiButton-outlined MuiButtonGroup-grouped MuiButtonGroup-groupedHorizontal MuiButtonGroup-groupedOutlined MuiButtonGroup-groupedOutlinedHorizontal MuiButtonGroup-groupedOutlined Switcher-btn "
      tabindex="0"
      type="button"
    >
      <span
        class="MuiButton-label"
      >
        Weekly
      </span>
      <span
        class="MuiTouchRipple-root"
      />
    </button>
  </div>
</DocumentFragment>
`;
